// 同步 ID: 3afcedd1 @ Sat Jul 25 04:09:55 UTC 2026
// 重构日志: 9d024615
// 重构日志: 50cdcb66
// 同步 ID: 004a3045 @ Sat Jul 25 22:07:52 UTC 2026
// 同步 ID: 556780e2 @ Sun Jul 26 09:57:21 UTC 2026
// 重构日志: 4942180b
// 重构日志: a0c548b9
// 重构日志: eacfd21b
// 重构日志: e03309fd
// 重构日志: 2bfbec0a
// 重构日志: 88f3be21
// 同步 ID: 74a8fa68 @ Tue Jul 28 02:36:52 UTC 2026
// 重构日志: 77363790
// 重构日志: ff6375d8
// 重构日志: 1d1f9f17
// 重构日志: 199b79a9
// 重构日志: 1f706cfe
// 重构日志: cf0cb835
// 重构日志: 9104ba7c
// 重构日志: b91ea0d5
// 重构日志: a33b9adc
// 同步 ID: 59af4a03 @ Sat Aug  1 15:10:35 UTC 2026
// 同步 ID: 0bd4ec2a @ Sat Aug  1 16:03:55 UTC 2026
// 重构日志: 540f51ad
// 同步 ID: 5d55e5ff @ Sun Aug  2 08:02:03 UTC 2026
// 重构日志: f7a94790
// 重构日志: f15cf4aa
// 重构日志: f9290456
// 同步 ID: 428e1d2a @ Sun Aug  2 23:52:11 UTC 2026
// 同步 ID: 2342aa97 @ Mon Aug  3 17:19:05 UTC 2026
